海峡卫视,http://hlsbkmgsplive.miguvideo.com/migu/kailu/haixiaws/57/20230724/01.m3u8?msisdn=&Channel_ID=&ContentId=&HlsSubType=&HlsProfileId=&encrypt=
蒙语卫视,https://livestream-bt.nmtv.cn/nmtv/2315general.m3u8?txSecret=4971666599ef9411629213c9a300bf66&txTime=771EF880
兵团卫视,http://[2409:8087:1a0b:df::4020]:80/ottrrs.hl.chinamobile.com/PLTV/88888888/224/3221226439/index.m3u8
呼市新闻综合,https://livestream-bt.nmtv.cn/nmtv/2331general.m3u8?txSecret=4d7342ca5cd74480526ab6d292247aff&txTime=771E8800
黑莓动画,http://[2409:8087:1a0b:df::4006]:80/ottrrs.hl.chinamobile.com/PLTV/88888888/224/3221225662/index.m3u8
包头新闻综合,https://livestream-bt.nmtv.cn/nmtv/2358general.m3u8?txSecret=98390a77c143a68f0fd64bfe6e181dcb&txTime=771E8800
教科影视,https://ali-m-l.cztv.com/channels/lantian/channel004/1080p.m3u8
鄂尔多斯新闻,https://livestream-bt.nmtv.cn/nmtv/2349general.m3u8?txSecret=e44477052aba305cadeea45aaf1c674a&txTime=771E8800
公共新闻,https://ali-m-l.cztv.com/channels/lantian/channel007/1080p.m3u8
巴彦淖尔新闻,https://livestream-bt.nmtv.cn/nmtv/2348general.m3u8?txSecret=6a4ddce077e41b976fe33619fbef2b30&txTime=771E8800
公共新闻,http://ali-m-l.cztv.com/channels/lantian/channel007/1080p.m3u8
赤峰新闻综合,https://livestream-bt.nmtv.cn/nmtv/2351general.m3u8?txSecret=8857087aeec2cec44d178a18550fdb8a&txTime=771E8800
🔥低调,https://vd4.bdstatic.com/mda-qiidw79efmjs8aar/576p/h264/1726739405111265219/mda-qiidw79efmjs8aar.mp4
之江记录,http://ali-m-l.cztv.com/channels/lantian/channel012/1080p.m3u8
乌兰察布新闻,https://livestream-bt.nmtv.cn/nmtv/2354general.m3u8?txSecret=cf5f71d0000862b18f5813607b3dfd5b&txTime=771E8800
🔥使用,https://vd2.bdstatic.com/mda-pk1ccehgau3ywq8q/hd/cae_h264/1699059021606217448/mda-pk1ccehgau3ywq8q.mp4
民生休闲,http://ali-m-l.cztv.com/channels/lantian/channel006/1080p.m3u8
CGTN英语,https://0472.org/hls/cgtn.m3u8
🔥严禁,https://vd2.bdstatic.com/mda-pdde6x4c56467djm/576p/h264/1681466528778166412/mda-pdde6x4c56467djm.mp4
教科影视,http://ali-m-l.cztv.com/channels/lantian/channel004/1080p.m3u8
CGTN记录,https://0472.org/hls/cgtnd.m3u8
🔥贩卖,https://vd2.bdstatic.com/mda-pagk4ayy8huvuu5g/hd/cae_h264/1674004730256821197/mda-pagk4ayy8huvuu5g.mp4
经济生活,http://ali-m-l.cztv.com/channels/lantian/channel003/1080p.m3u8
CGTN俄语,https://0472.org/hls/cgtne.m3u8
🔥玩腻,https://vd2.bdstatic.com/mda-phpb3pnb5u88qh6e/576p/h264/1692863767878360172/mda-phpb3pnb5u88qh6e.mp4
浙江影视,https://ali-m-l.cztv.com/channels/lantian/channel005/1080p.m3u8
CGTN法语,https://0472.org/hls/cgtnf.m3u8
🔥摇摇,https://vd4.bdstatic.com/mda-peeixrkhd2cy1zfi/hd/cae_h264/1684262984316045413/mda-peeixrkhd2cy1zfi.mp4
钱江频道,https://ali-m-l.cztv.com/channels/lantian/channel002/1080p.m3u8
CGTN西语,https://0472.org/hls/cgtnx.m3u8
🔥午夜,https://vd2.bdstatic.com/mda-na0hvaumrq7tvpy6/hd/cae_h264_delogo/1642485198391114574/mda-na0hvaumrq7tvpy6.mp4
民生休闲,https://ali-m-l.cztv.com/channels/lantian/channel006/1080p.m3u8
CGTN阿语,https://0472.org/hls/cgtna.m3u8
CGTN,http://www.shizhan.love:8848/udp/239.49.0.9:8064
经济生活,https://ali-m-l.cztv.com/channels/lantian/channel003/1080p.m3u8
