Category: 📺央视频道, Name: CCTV-1, Total: 21, Valid: 20, Valid Percent: 95.24%, Whitelist: 0, IPv4: 21, IPv6: 0, Min Delay: 371 ms, Max Speed: 2.48 M/s, Avg Speed: 0.21 M/s, Max Resolution: 1920x1080
Category: 📺央视频道, Name: CCTV-2, Total: 22, Valid: 20, Valid Percent: 90.91%, Whitelist: 0, IPv4: 22, IPv6: 0, Min Delay: 412 ms, Max Speed: 7.04 M/s, Avg Speed: 0.80 M/s, Max Resolution: 1920x1080
Category: 📺央视频道, Name: CCTV-3, Total: 20, Valid: 18, Valid Percent: 90.00%, Whitelist: 0, IPv4: 20, IPv6: 0, Min Delay: 5110 ms, Max Speed: 0.43 M/s, Avg Speed: 0.13 M/s, Max Resolution: 1920x1080
Category: 📺央视频道, Name: CCTV-4, Total: 22, Valid: 19, Valid Percent: 86.36%, Whitelist: 0, IPv4: 22, IPv6: 0, Min Delay: 547 ms, Max Speed: 6.93 M/s, Avg Speed: 0.75 M/s, Max Resolution: 1920x1080
Category: 📺央视频道, Name: CCTV-5, Total: 29, Valid: 26, Valid Percent: 89.66%, Whitelist: 0, IPv4: 29, IPv6: 0, Min Delay: 564 ms, Max Speed: 3.97 M/s, Avg Speed: 0.47 M/s, Max Resolution: 1920x1080
Category: 📺央视频道, Name: CCTV-6, Total: 21, Valid: 19, Valid Percent: 90.48%, Whitelist: 0, IPv4: 21, IPv6: 0, Min Delay: 353 ms, Max Speed: 2.04 M/s, Avg Speed: 0.22 M/s, Max Resolution: 1920x1080
Category: 📺央视频道, Name: CCTV-7, Total: 16, Valid: 15, Valid Percent: 93.75%, Whitelist: 0, IPv4: 16, IPv6: 0, Min Delay: 5094 ms, Max Speed: 0.35 M/s, Avg Speed: 0.13 M/s, Max Resolution: 1920x1080
Category: 📺央视频道, Name: CCTV-8, Total: 24, Valid: 22, Valid Percent: 91.67%, Whitelist: 0, IPv4: 24, IPv6: 0, Min Delay: 599 ms, Max Speed: 2.91 M/s, Avg Speed: 0.47 M/s, Max Resolution: 1920x1080
Category: 📺央视频道, Name: CCTV-9, Total: 20, Valid: 19, Valid Percent: 95.00%, Whitelist: 0, IPv4: 20, IPv6: 0, Min Delay: 500 ms, Max Speed: 3.63 M/s, Avg Speed: 0.29 M/s, Max Resolution: 1920x1080
Category: 📺央视频道, Name: CCTV-10, Total: 17, Valid: 16, Valid Percent: 94.12%, Whitelist: 0, IPv4: 17, IPv6: 0, Min Delay: 813 ms, Max Speed: 4.53 M/s, Avg Speed: 0.41 M/s, Max Resolution: 1920x1080
Category: 📺央视频道, Name: CCTV-11, Total: 14, Valid: 13, Valid Percent: 92.86%, Whitelist: 0, IPv4: 14, IPv6: 0, Min Delay: 1513 ms, Max Speed: 2.91 M/s, Avg Speed: 0.39 M/s, Max Resolution: 1920x1080
Category: 📺央视频道, Name: CCTV-14, Total: 21, Valid: 20, Valid Percent: 95.24%, Whitelist: 0, IPv4: 21, IPv6: 0, Min Delay: 439 ms, Max Speed: 3.90 M/s, Avg Speed: 0.53 M/s, Max Resolution: 1920x1080
Category: 📺央视频道, Name: CCTV-12, Total: 18, Valid: 17, Valid Percent: 94.44%, Whitelist: 0, IPv4: 18, IPv6: 0, Min Delay: 544 ms, Max Speed: 6.43 M/s, Avg Speed: 0.51 M/s, Max Resolution: 1920x1080
Category: 📺央视频道, Name: CETV2, Total: 1, Valid: 0, Valid Percent: 0.00%, Whitelist: 0, IPv4: 1, IPv6: 0, Min Delay: -1 ms, Max Speed: 0.00 M/s, Avg Speed: 0.00 M/s, Max Resolution: None
Category: 📺央视频道, Name: CETV4, Total: 1, Valid: 0, Valid Percent: 0.00%, Whitelist: 0, IPv4: 1, IPv6: 0, Min Delay: -1 ms, Max Speed: 0.00 M/s, Avg Speed: 0.00 M/s, Max Resolution: None
Category: 💰央视付费频道, Name: 风云音乐, Total: 1, Valid: 1, Valid Percent: 100.00%, Whitelist: 0, IPv4: 1, IPv6: 0, Min Delay: 1339 ms, Max Speed: 3.10 M/s, Avg Speed: 3.10 M/s, Max Resolution: 1280x720
Category: 💰央视付费频道, Name: 央视台球, Total: 1, Valid: 1, Valid Percent: 100.00%, Whitelist: 0, IPv4: 1, IPv6: 0, Min Delay: 1376 ms, Max Speed: 3.61 M/s, Avg Speed: 3.61 M/s, Max Resolution: 1280x720
Category: 📺央视频道, Name: CCTV-13, Total: 19, Valid: 17, Valid Percent: 89.47%, Whitelist: 0, IPv4: 19, IPv6: 0, Min Delay: 1027 ms, Max Speed: 4.20 M/s, Avg Speed: 0.42 M/s, Max Resolution: 1920x1080
Category: 💰央视付费频道, Name: 高尔夫网球, Total: 1, Valid: 1, Valid Percent: 100.00%, Whitelist: 0, IPv4: 1, IPv6: 0, Min Delay: 5303 ms, Max Speed: 0.90 M/s, Avg Speed: 0.90 M/s, Max Resolution: 1280x720
Category: 📺央视频道, Name: CETV1, Total: 8, Valid: 6, Valid Percent: 75.00%, Whitelist: 0, IPv4: 8, IPv6: 0, Min Delay: 534 ms, Max Speed: 9.58 M/s, Avg Speed: 2.95 M/s, Max Resolution: 1920x1080
Category: 📺央视频道, Name: CCTV-15, Total: 17, Valid: 16, Valid Percent: 94.12%, Whitelist: 0, IPv4: 17, IPv6: 0, Min Delay: 523 ms, Max Speed: 3.16 M/s, Avg Speed: 0.51 M/s, Max Resolution: 1920x1080
Category: 📺央视频道, Name: CCTV-16, Total: 9, Valid: 9, Valid Percent: 100.00%, Whitelist: 0, IPv4: 9, IPv6: 0, Min Delay: 1205 ms, Max Speed: 3.26 M/s, Avg Speed: 0.68 M/s, Max Resolution: 1920x1080
Category: 📺央视频道, Name: CCTV-5+, Total: 8, Valid: 7, Valid Percent: 87.50%, Whitelist: 0, IPv4: 8, IPv6: 0, Min Delay: 5082 ms, Max Speed: 0.40 M/s, Avg Speed: 0.16 M/s, Max Resolution: 1920x1080
Category: 📺央视频道, Name: CCTV-17, Total: 6, Valid: 5, Valid Percent: 83.33%, Whitelist: 0, IPv4: 6, IPv6: 0, Min Delay: 5158 ms, Max Speed: 0.81 M/s, Avg Speed: 0.25 M/s, Max Resolution: 1920x1080
Category: 📡卫视频道, Name: 广东卫视, Total: 18, Valid: 18, Valid Percent: 100.00%, Whitelist: 0, IPv4: 18, IPv6: 0, Min Delay: 1033 ms, Max Speed: 3.27 M/s, Avg Speed: 0.35 M/s, Max Resolution: 1920x1080
Category: 📡卫视频道, Name: 北京卫视, Total: 14, Valid: 13, Valid Percent: 92.86%, Whitelist: 0, IPv4: 14, IPv6: 0, Min Delay: 556 ms, Max Speed: 7.71 M/s, Avg Speed: 1.25 M/s, Max Resolution: 1920x1080
Category: 📡卫视频道, Name: 湖北卫视, Total: 14, Valid: 13, Valid Percent: 92.86%, Whitelist: 0, IPv4: 14, IPv6: 0, Min Delay: 5021 ms, Max Speed: 0.58 M/s, Avg Speed: 0.20 M/s, Max Resolution: 1920x1080
Category: 📡卫视频道, Name: 湖南卫视, Total: 15, Valid: 14, Valid Percent: 93.33%, Whitelist: 0, IPv4: 15, IPv6: 0, Min Delay: 1626 ms, Max Speed: 1.44 M/s, Avg Speed: 0.25 M/s, Max Resolution: 3840x2160
Category: 📡卫视频道, Name: 浙江卫视, Total: 16, Valid: 15, Valid Percent: 93.75%, Whitelist: 0, IPv4: 16, IPv6: 0, Min Delay: 5016 ms, Max Speed: 0.63 M/s, Avg Speed: 0.17 M/s, Max Resolution: 1920x1080
Category: 📡卫视频道, Name: 黑龙江卫视, Total: 15, Valid: 14, Valid Percent: 93.33%, Whitelist: 0, IPv4: 15, IPv6: 0, Min Delay: 5040 ms, Max Speed: 0.34 M/s, Avg Speed: 0.13 M/s, Max Resolution: 1920x1080
Category: 📡卫视频道, Name: 安徽卫视, Total: 13, Valid: 13, Valid Percent: 100.00%, Whitelist: 0, IPv4: 13, IPv6: 0, Min Delay: 718 ms, Max Speed: 6.61 M/s, Avg Speed: 0.63 M/s, Max Resolution: 1920x1080
Category: 📡卫视频道, Name: 重庆卫视, Total: 8, Valid: 8, Valid Percent: 100.00%, Whitelist: 0, IPv4: 8, IPv6: 0, Min Delay: 5119 ms, Max Speed: 0.53 M/s, Avg Speed: 0.15 M/s, Max Resolution: 1920x1080
Category: 📡卫视频道, Name: 海南卫视, Total: 1, Valid: 0, Valid Percent: 0.00%, Whitelist: 0, IPv4: 1, IPv6: 0, Min Delay: -1 ms, Max Speed: 0.00 M/s, Avg Speed: 0.00 M/s, Max Resolution: None
Category: 📡卫视频道, Name: 东方卫视, Total: 16, Valid: 14, Valid Percent: 87.50%, Whitelist: 0, IPv4: 16, IPv6: 0, Min Delay: 5075 ms, Max Speed: 0.46 M/s, Avg Speed: 0.12 M/s, Max Resolution: 1920x1080
Category: 📡卫视频道, Name: 广西卫视, Total: 9, Valid: 9, Valid Percent: 100.00%, Whitelist: 0, IPv4: 9, IPv6: 0, Min Delay: 608 ms, Max Speed: 2.12 M/s, Avg Speed: 0.32 M/s, Max Resolution: 1920x1080
Category: 📡卫视频道, Name: 甘肃卫视, Total: 2, Valid: 2, Valid Percent: 100.00%, Whitelist: 0, IPv4: 2, IPv6: 0, Min Delay: 5172 ms, Max Speed: 0.21 M/s, Avg Speed: 0.11 M/s, Max Resolution: 1920x1080
Category: 📡卫视频道, Name: 东南卫视, Total: 17, Valid: 15, Valid Percent: 88.24%, Whitelist: 0, IPv4: 17, IPv6: 0, Min Delay: 779 ms, Max Speed: 5.24 M/s, Avg Speed: 0.49 M/s, Max Resolution: 1920x1080
Category: 📡卫视频道, Name: 贵州卫视, Total: 17, Valid: 17, Valid Percent: 100.00%, Whitelist: 0, IPv4: 17, IPv6: 0, Min Delay: 641 ms, Max Speed: 7.15 M/s, Avg Speed: 0.94 M/s, Max Resolution: 1920x1080
Category: 📡卫视频道, Name: 河南卫视, Total: 11, Valid: 10, Valid Percent: 90.91%, Whitelist: 0, IPv4: 11, IPv6: 0, Min Delay: 700 ms, Max Speed: 6.89 M/s, Avg Speed: 0.84 M/s, Max Resolution: 1920x1080
Category: 📡卫视频道, Name: 河北卫视, Total: 15, Valid: 14, Valid Percent: 93.33%, Whitelist: 0, IPv4: 15, IPv6: 0, Min Delay: 1263 ms, Max Speed: 2.81 M/s, Avg Speed: 0.36 M/s, Max Resolution: 1920x1080
Category: 📡卫视频道, Name: 吉林卫视, Total: 11, Valid: 10, Valid Percent: 90.91%, Whitelist: 0, IPv4: 11, IPv6: 0, Min Delay: 517 ms, Max Speed: 7.28 M/s, Avg Speed: 0.77 M/s, Max Resolution: 1920x1080
Category: 📡卫视频道, Name: 陕西卫视, Total: 1, Valid: 0, Valid Percent: 0.00%, Whitelist: 0, IPv4: 1, IPv6: 0, Min Delay: -1 ms, Max Speed: 0.00 M/s, Avg Speed: 0.00 M/s, Max Resolution: None
Category: 📡卫视频道, Name: 山西卫视, Total: 1, Valid: 1, Valid Percent: 100.00%, Whitelist: 0, IPv4: 1, IPv6: 0, Min Delay: 493 ms, Max Speed: 7.48 M/s, Avg Speed: 7.48 M/s, Max Resolution: 1920x1080
Category: 📡卫视频道, Name: 宁夏卫视, Total: 3, Valid: 2, Valid Percent: 66.67%, Whitelist: 0, IPv4: 3, IPv6: 0, Min Delay: 1044 ms, Max Speed: 4.03 M/s, Avg Speed: 2.04 M/s, Max Resolution: 1920x1080
Category: 📡卫视频道, Name: 江苏卫视, Total: 19, Valid: 18, Valid Percent: 94.74%, Whitelist: 0, IPv4: 19, IPv6: 0, Min Delay: 675 ms, Max Speed: 5.66 M/s, Avg Speed: 0.46 M/s, Max Resolution: 1920x1080
Category: 📡卫视频道, Name: 三沙卫视, Total: 1, Valid: 0, Valid Percent: 0.00%, Whitelist: 0, IPv4: 1, IPv6: 0, Min Delay: -1 ms, Max Speed: 0.00 M/s, Avg Speed: 0.00 M/s, Max Resolution: None
Category: 📡卫视频道, Name: 辽宁卫视, Total: 11, Valid: 10, Valid Percent: 90.91%, Whitelist: 0, IPv4: 11, IPv6: 0, Min Delay: 5018 ms, Max Speed: 0.45 M/s, Avg Speed: 0.12 M/s, Max Resolution: 1920x1080
Category: 📡卫视频道, Name: 江西卫视, Total: 13, Valid: 11, Valid Percent: 84.62%, Whitelist: 0, IPv4: 13, IPv6: 0, Min Delay: 622 ms, Max Speed: 6.32 M/s, Avg Speed: 1.72 M/s, Max Resolution: 1920x1080
Category: 📡卫视频道, Name: 内蒙古卫视, Total: 1, Valid: 1, Valid Percent: 100.00%, Whitelist: 0, IPv4: 1, IPv6: 0, Min Delay: 5255 ms, Max Speed: 0.00 M/s, Avg Speed: 0.00 M/s, Max Resolution: None
Category: 📡卫视频道, Name: 青海卫视, Total: 3, Valid: 2, Valid Percent: 66.67%, Whitelist: 0, IPv4: 3, IPv6: 0, Min Delay: 5043 ms, Max Speed: 0.30 M/s, Avg Speed: 0.15 M/s, Max Resolution: 1920x1080
Category: 📡卫视频道, Name: 山东卫视, Total: 14, Valid: 14, Valid Percent: 100.00%, Whitelist: 0, IPv4: 14, IPv6: 0, Min Delay: 1995 ms, Max Speed: 2.30 M/s, Avg Speed: 0.34 M/s, Max Resolution: 1920x1080
Category: ☘️广东频道, Name: 大湾区卫视, Total: 1, Valid: 0, Valid Percent: 0.00%, Whitelist: 0, IPv4: 1, IPv6: 0, Min Delay: -1 ms, Max Speed: 0.00 M/s, Avg Speed: 0.00 M/s, Max Resolution: None
Category: ☘️广东频道, Name: 广东新闻, Total: 3, Valid: 3, Valid Percent: 100.00%, Whitelist: 0, IPv4: 3, IPv6: 0, Min Delay: 341 ms, Max Speed: 2.20 M/s, Avg Speed: 2.17 M/s, Max Resolution: 1280x720
Category: ☘️广东频道, Name: 深圳国际, Total: 1, Valid: 0, Valid Percent: 0.00%, Whitelist: 0, IPv4: 1, IPv6: 0, Min Delay: -1 ms, Max Speed: 0.00 M/s, Avg Speed: 0.00 M/s, Max Resolution: None
Category: 📡卫视频道, Name: 四川卫视, Total: 8, Valid: 8, Valid Percent: 100.00%, Whitelist: 0, IPv4: 8, IPv6: 0, Min Delay: 549 ms, Max Speed: 8.60 M/s, Avg Speed: 1.11 M/s, Max Resolution: 1920x1080
Category: ☘️浙江频道, Name: 象山综合, Total: 1, Valid: 1, Valid Percent: 100.00%, Whitelist: 0, IPv4: 1, IPv6: 0, Min Delay: 621 ms, Max Speed: 2.47 M/s, Avg Speed: 2.47 M/s, Max Resolution: 1920x1080
Category: ☘️上海频道, Name: 上海新闻综合, Total: 1, Valid: 0, Valid Percent: 0.00%, Whitelist: 0, IPv4: 1, IPv6: 0, Min Delay: -1 ms, Max Speed: 0.00 M/s, Avg Speed: 0.00 M/s, Max Resolution: None
Category: ☘️上海频道, Name: 上海第一财经, Total: 1, Valid: 0, Valid Percent: 0.00%, Whitelist: 0, IPv4: 1, IPv6: 0, Min Delay: -1 ms, Max Speed: 0.00 M/s, Avg Speed: 0.00 M/s, Max Resolution: None
Category: ☘️北京频道, Name: 北京影视, Total: 1, Valid: 1, Valid Percent: 100.00%, Whitelist: 0, IPv4: 1, IPv6: 0, Min Delay: 482 ms, Max Speed: 5.54 M/s, Avg Speed: 5.54 M/s, Max Resolution: 1920x1080
Category: ☘️上海频道, Name: 东方影视, Total: 1, Valid: 1, Valid Percent: 100.00%, Whitelist: 0, IPv4: 1, IPv6: 0, Min Delay: 501 ms, Max Speed: 8.72 M/s, Avg Speed: 8.72 M/s, Max Resolution: 1920x1080
Category: ☘️上海频道, Name: 五星体育, Total: 1, Valid: 1, Valid Percent: 100.00%, Whitelist: 0, IPv4: 1, IPv6: 0, Min Delay: 1055 ms, Max Speed: 4.02 M/s, Avg Speed: 4.02 M/s, Max Resolution: 1920x1080
Category: ☘️上海频道, Name: 哈哈炫动, Total: 1, Valid: 1, Valid Percent: 100.00%, Whitelist: 0, IPv4: 1, IPv6: 0, Min Delay: 767 ms, Max Speed: 3.87 M/s, Avg Speed: 3.87 M/s, Max Resolution: 1920x1080
Category: ☘️江苏频道, Name: 优漫卡通, Total: 1, Valid: 0, Valid Percent: 0.00%, Whitelist: 0, IPv4: 1, IPv6: 0, Min Delay: -1 ms, Max Speed: 0.00 M/s, Avg Speed: 0.00 M/s, Max Resolution: None
Category: ☘️江苏频道, Name: 南通新闻综合, Total: 1, Valid: 0, Valid Percent: 0.00%, Whitelist: 0, IPv4: 1, IPv6: 0, Min Delay: -1 ms, Max Speed: 0.00 M/s, Avg Speed: 0.00 M/s, Max Resolution: None
Category: ☘️江苏频道, Name: 宜兴新闻, Total: 1, Valid: 0, Valid Percent: 0.00%, Whitelist: 0, IPv4: 1, IPv6: 0, Min Delay: -1 ms, Max Speed: 0.00 M/s, Avg Speed: 0.00 M/s, Max Resolution: None
Category: ☘️江苏频道, Name: 江苏城市, Total: 2, Valid: 0, Valid Percent: 0.00%, Whitelist: 0, IPv4: 2, IPv6: 0, Min Delay: -1 ms, Max Speed: 0.00 M/s, Avg Speed: 0.00 M/s, Max Resolution: None
Category: ☘️上海频道, Name: 欢笑剧场, Total: 2, Valid: 2, Valid Percent: 100.00%, Whitelist: 0, IPv4: 2, IPv6: 0, Min Delay: 572 ms, Max Speed: 8.80 M/s, Avg Speed: 8.37 M/s, Max Resolution: 1920x1080
Category: ☘️江苏频道, Name: 江苏影视, Total: 2, Valid: 0, Valid Percent: 0.00%, Whitelist: 0, IPv4: 2, IPv6: 0, Min Delay: -1 ms, Max Speed: 0.00 M/s, Avg Speed: 0.00 M/s, Max Resolution: None
Category: ☘️江苏频道, Name: 江苏教育, Total: 2, Valid: 0, Valid Percent: 0.00%, Whitelist: 0, IPv4: 2, IPv6: 0, Min Delay: -1 ms, Max Speed: 0.00 M/s, Avg Speed: 0.00 M/s, Max Resolution: None
Category: ☘️上海频道, Name: 法治天地, Total: 1, Valid: 1, Valid Percent: 100.00%, Whitelist: 0, IPv4: 1, IPv6: 0, Min Delay: 504 ms, Max Speed: 9.35 M/s, Avg Speed: 9.35 M/s, Max Resolution: 1920x1080
Category: ☘️江苏频道, Name: 溧水新闻综合, Total: 1, Valid: 0, Valid Percent: 0.00%, Whitelist: 0, IPv4: 1, IPv6: 0, Min Delay: -1 ms, Max Speed: 0.00 M/s, Avg Speed: 0.00 M/s, Max Resolution: None
Category: ☘️江苏频道, Name: 淮安新闻综合, Total: 1, Valid: 0, Valid Percent: 0.00%, Whitelist: 0, IPv4: 1, IPv6: 0, Min Delay: -1 ms, Max Speed: 0.00 M/s, Avg Speed: 0.00 M/s, Max Resolution: None
Category: ☘️广西频道, Name: 南宁新闻综合, Total: 1, Valid: 0, Valid Percent: 0.00%, Whitelist: 0, IPv4: 1, IPv6: 0, Min Delay: -1 ms, Max Speed: 0.00 M/s, Avg Speed: 0.00 M/s, Max Resolution: 1920x1080
Category: ☘️江苏频道, Name: 连云港新闻综合, Total: 2, Valid: 0, Valid Percent: 0.00%, Whitelist: 0, IPv4: 2, IPv6: 0, Min Delay: -1 ms, Max Speed: 0.00 M/s, Avg Speed: 0.00 M/s, Max Resolution: None
Category: ☘️江苏频道, Name: 镇江新闻综合, Total: 2, Valid: 0, Valid Percent: 0.00%, Whitelist: 0, IPv4: 2, IPv6: 0, Min Delay: -1 ms, Max Speed: 0.00 M/s, Avg Speed: 0.00 M/s, Max Resolution: None
Category: 📡卫视频道, Name: 深圳卫视, Total: 17, Valid: 17, Valid Percent: 100.00%, Whitelist: 0, IPv4: 17, IPv6: 0, Min Delay: 5100 ms, Max Speed: 0.77 M/s, Avg Speed: 0.17 M/s, Max Resolution: 1920x1080
Category: ☘️重庆频道, Name: 重庆新闻, Total: 1, Valid: 1, Valid Percent: 100.00%, Whitelist: 0, IPv4: 1, IPv6: 0, Min Delay: 978 ms, Max Speed: 2.95 M/s, Avg Speed: 2.95 M/s, Max Resolution: 1920x1080
Category: ☘️上海频道, Name: 都市剧场, Total: 3, Valid: 3, Valid Percent: 100.00%, Whitelist: 0, IPv4: 3, IPv6: 0, Min Delay: 620 ms, Max Speed: 7.64 M/s, Avg Speed: 5.89 M/s, Max Resolution: 1920x1080
Category: ☘️天津频道, Name: 天津文艺, Total: 1, Valid: 1, Valid Percent: 100.00%, Whitelist: 0, IPv4: 1, IPv6: 0, Min Delay: 364 ms, Max Speed: 2.33 M/s, Avg Speed: 2.33 M/s, Max Resolution: 1280x720
Category: ☘️天津频道, Name: 天津新闻, Total: 1, Valid: 1, Valid Percent: 100.00%, Whitelist: 0, IPv4: 1, IPv6: 0, Min Delay: 475 ms, Max Speed: 3.58 M/s, Avg Speed: 3.58 M/s, Max Resolution: 1280x720
Category: ☘️天津频道, Name: 天津都市, Total: 1, Valid: 1, Valid Percent: 100.00%, Whitelist: 0, IPv4: 1, IPv6: 0, Min Delay: 525 ms, Max Speed: 3.71 M/s, Avg Speed: 3.71 M/s, Max Resolution: 1280x720
Category: ☘️河南频道, Name: 梨园, Total: 1, Valid: 0, Valid Percent: 0.00%, Whitelist: 0, IPv4: 1, IPv6: 0, Min Delay: -1 ms, Max Speed: 0.00 M/s, Avg Speed: 0.00 M/s, Max Resolution: None
Category: 📡卫视频道, Name: 云南卫视, Total: 3, Valid: 3, Valid Percent: 100.00%, Whitelist: 0, IPv4: 3, IPv6: 0, Min Delay: 5252 ms, Max Speed: 0.08 M/s, Avg Speed: 0.04 M/s, Max Resolution: 1920x1080
Category: ☘️浙江频道, Name: 绍兴新闻综合, Total: 1, Valid: 1, Valid Percent: 100.00%, Whitelist: 0, IPv4: 1, IPv6: 0, Min Delay: 4204 ms, Max Speed: 0.20 M/s, Avg Speed: 0.20 M/s, Max Resolution: 1280x720
Category: ☘️广西频道, Name: 广西国际, Total: 1, Valid: 1, Valid Percent: 100.00%, Whitelist: 0, IPv4: 1, IPv6: 0, Min Delay: 934 ms, Max Speed: 5.65 M/s, Avg Speed: 5.65 M/s, Max Resolution: 1920x1080
Category: ☘️广西频道, Name: 广西新闻, Total: 1, Valid: 1, Valid Percent: 100.00%, Whitelist: 0, IPv4: 1, IPv6: 0, Min Delay: 932 ms, Max Speed: 5.20 M/s, Avg Speed: 5.20 M/s, Max Resolution: 1920x1080
Category: ☘️浙江频道, Name: 浙江钱江都市, Total: 2, Valid: 2, Valid Percent: 100.00%, Whitelist: 0, IPv4: 2, IPv6: 0, Min Delay: 3223 ms, Max Speed: 0.44 M/s, Avg Speed: 0.37 M/s, Max Resolution: 1920x1080
Category: ☘️浙江频道, Name: 浙江民生休闲, Total: 1, Valid: 1, Valid Percent: 100.00%, Whitelist: 0, IPv4: 1, IPv6: 0, Min Delay: 3477 ms, Max Speed: 0.28 M/s, Avg Speed: 0.28 M/s, Max Resolution: 1280x720
Category: 📡卫视频道, Name: 新疆卫视, Total: 2, Valid: 2, Valid Percent: 100.00%, Whitelist: 0, IPv4: 2, IPv6: 0, Min Delay: 5053 ms, Max Speed: 0.04 M/s, Avg Speed: 0.04 M/s, Max Resolution: 1920x1080
Category: ☘️广东频道, Name: 广东珠江, Total: 10, Valid: 9, Valid Percent: 90.00%, Whitelist: 0, IPv4: 10, IPv6: 0, Min Delay: 486 ms, Max Speed: 6.78 M/s, Avg Speed: 3.61 M/s, Max Resolution: 1920x1080
Category: ☘️北京频道, Name: 北京卡酷少儿, Total: 2, Valid: 2, Valid Percent: 100.00%, Whitelist: 0, IPv4: 2, IPv6: 0, Min Delay: 441 ms, Max Speed: 5.91 M/s, Avg Speed: 2.99 M/s, Max Resolution: 1920x1080
Category: ☘️安徽频道, Name: 安徽国际, Total: 1, Valid: 0, Valid Percent: 0.00%, Whitelist: 0, IPv4: 1, IPv6: 0, Min Delay: -1 ms, Max Speed: 0.00 M/s, Avg Speed: 0.00 M/s, Max Resolution: None
Category: ☘️浙江频道, Name: 浙江教科影视, Total: 1, Valid: 1, Valid Percent: 100.00%, Whitelist: 0, IPv4: 1, IPv6: 0, Min Delay: 3066 ms, Max Speed: 0.43 M/s, Avg Speed: 0.43 M/s, Max Resolution: 1280x720
Category: ☘️四川频道, Name: 青川综合, Total: 1, Valid: 1, Valid Percent: 100.00%, Whitelist: 0, IPv4: 1, IPv6: 0, Min Delay: 2605 ms, Max Speed: 0.53 M/s, Avg Speed: 0.53 M/s, Max Resolution: 1920x1080
Category: ☘️浙江频道, Name: 绍兴公共, Total: 2, Valid: 2, Valid Percent: 100.00%, Whitelist: 0, IPv4: 2, IPv6: 0, Min Delay: 5382 ms, Max Speed: 0.16 M/s, Avg Speed: 0.16 M/s, Max Resolution: 1280x720
Category: ☘️吉林频道, Name: 延边卫视, Total: 1, Valid: 1, Valid Percent: 100.00%, Whitelist: 0, IPv4: 1, IPv6: 0, Min Delay: 504 ms, Max Speed: 5.47 M/s, Avg Speed: 5.47 M/s, Max Resolution: 1280x720
Category: ☘️广东频道, Name: 广东体育, Total: 6, Valid: 6, Valid Percent: 100.00%, Whitelist: 0, IPv4: 6, IPv6: 0, Min Delay: 5205 ms, Max Speed: 0.35 M/s, Avg Speed: 0.16 M/s, Max Resolution: 1920x1080
Category: 📡卫视频道, Name: 天津卫视, Total: 10, Valid: 10, Valid Percent: 100.00%, Whitelist: 0, IPv4: 10, IPv6: 0, Min Delay: 5061 ms, Max Speed: 0.49 M/s, Avg Speed: 0.09 M/s, Max Resolution: 1920x1080
Category: ☘️四川频道, Name: 叙永综合, Total: 1, Valid: 1, Valid Percent: 100.00%, Whitelist: 0, IPv4: 1, IPv6: 0, Min Delay: 3062 ms, Max Speed: 0.52 M/s, Avg Speed: 0.52 M/s, Max Resolution: 1920x1080
Category: ☘️浙江频道, Name: 浙江新闻, Total: 1, Valid: 1, Valid Percent: 100.00%, Whitelist: 0, IPv4: 1, IPv6: 0, Min Delay: 3789 ms, Max Speed: 0.55 M/s, Avg Speed: 0.55 M/s, Max Resolution: 1920x1080
Category: 🏀体育频道, Name: 快乐垂钓, Total: 1, Valid: 0, Valid Percent: 0.00%, Whitelist: 0, IPv4: 1, IPv6: 0, Min Delay: -1 ms, Max Speed: 0.00 M/s, Avg Speed: 0.00 M/s, Max Resolution: None
Category: 🏀体育频道, Name: 天津体育, Total: 2, Valid: 2, Valid Percent: 100.00%, Whitelist: 0, IPv4: 2, IPv6: 0, Min Delay: 651 ms, Max Speed: 4.49 M/s, Avg Speed: 3.95 M/s, Max Resolution: 1280x720
Category: ☘️山东频道, Name: 山东教育, Total: 2, Valid: 1, Valid Percent: 50.00%, Whitelist: 0, IPv4: 2, IPv6: 0, Min Delay: 2161 ms, Max Speed: 0.20 M/s, Avg Speed: 0.20 M/s, Max Resolution: 1280x720
Category: 🏛经典剧场, Name: 西游记, Total: 1, Valid: 1, Valid Percent: 100.00%, Whitelist: 0, IPv4: 1, IPv6: 0, Min Delay: 678 ms, Max Speed: 2.94 M/s, Avg Speed: 2.94 M/s, Max Resolution: 1920x1080
Category: ☘️广东频道, Name: 深圳电视剧, Total: 1, Valid: 1, Valid Percent: 100.00%, Whitelist: 0, IPv4: 1, IPv6: 0, Min Delay: 635 ms, Max Speed: 0.00 M/s, Avg Speed: 0.00 M/s, Max Resolution: 1920x1080
Category: ☘️上海频道, Name: 新闻综合, Total: 1, Valid: 1, Valid Percent: 100.00%, Whitelist: 0, IPv4: 1, IPv6: 0, Min Delay: 2972 ms, Max Speed: 0.52 M/s, Avg Speed: 0.52 M/s, Max Resolution: 1920x1080
Category: 🏀体育频道, Name: 天元围棋, Total: 2, Valid: 2, Valid Percent: 100.00%, Whitelist: 0, IPv4: 2, IPv6: 0, Min Delay: 905 ms, Max Speed: 4.41 M/s, Avg Speed: 3.81 M/s, Max Resolution: 1920x1080
Category: 🏛经典剧场, Name: 水浒传, Total: 1, Valid: 1, Valid Percent: 100.00%, Whitelist: 0, IPv4: 1, IPv6: 0, Min Delay: 958 ms, Max Speed: 2.60 M/s, Avg Speed: 2.60 M/s, Max Resolution: 1440x1080
Category: ☘️福建频道, Name: 厦门卫视, Total: 3, Valid: 3, Valid Percent: 100.00%, Whitelist: 0, IPv4: 3, IPv6: 0, Min Delay: 5808 ms, Max Speed: 0.72 M/s, Avg Speed: 0.46 M/s, Max Resolution: 1920x1080
Category: ☘️福建频道, Name: 晋江电视台, Total: 1, Valid: 1, Valid Percent: 100.00%, Whitelist: 0, IPv4: 1, IPv6: 0, Min Delay: 5100 ms, Max Speed: 0.14 M/s, Avg Speed: 0.14 M/s, Max Resolution: 1280x720
Category: 🏛经典剧场, Name: 闯关东, Total: 1, Valid: 1, Valid Percent: 100.00%, Whitelist: 0, IPv4: 1, IPv6: 0, Min Delay: 1181 ms, Max Speed: 3.35 M/s, Avg Speed: 3.35 M/s, Max Resolution: 1920x1080
Category: ☘️安徽频道, Name: 固镇新闻, Total: 2, Valid: 2, Valid Percent: 100.00%, Whitelist: 0, IPv4: 2, IPv6: 0, Min Delay: 2555 ms, Max Speed: 0.43 M/s, Avg Speed: 0.41 M/s, Max Resolution: 1920x1080
Category: ☘️四川频道, Name: 雅安新闻综合, Total: 1, Valid: 1, Valid Percent: 100.00%, Whitelist: 0, IPv4: 1, IPv6: 0, Min Delay: 3271 ms, Max Speed: 0.65 M/s, Avg Speed: 0.65 M/s, Max Resolution: 1920x1080
Category: ☘️四川频道, Name: 荥经综合, Total: 1, Valid: 1, Valid Percent: 100.00%, Whitelist: 0, IPv4: 1, IPv6: 0, Min Delay: 4487 ms, Max Speed: 0.52 M/s, Avg Speed: 0.52 M/s, Max Resolution: 1920x1080
Category: ☘️新疆频道, Name: 伊犁哈萨克, Total: 2, Valid: 2, Valid Percent: 100.00%, Whitelist: 0, IPv4: 2, IPv6: 0, Min Delay: 5065 ms, Max Speed: 0.59 M/s, Avg Speed: 0.50 M/s, Max Resolution: 1920x1080
Category: ☘️新疆频道, Name: 伊犁经济法制, Total: 2, Valid: 2, Valid Percent: 100.00%, Whitelist: 0, IPv4: 2, IPv6: 0, Min Delay: 5410 ms, Max Speed: 0.28 M/s, Avg Speed: 0.22 M/s, Max Resolution: 1920x1080
Category: ☘️河北频道, Name: 河北都市, Total: 1, Valid: 1, Valid Percent: 100.00%, Whitelist: 0, IPv4: 1, IPv6: 0, Min Delay: 2402 ms, Max Speed: 0.05 M/s, Avg Speed: 0.05 M/s, Max Resolution: None
Category: ☘️湖南频道, Name: 衡阳新闻综合, Total: 1, Valid: 1, Valid Percent: 100.00%, Whitelist: 0, IPv4: 1, IPv6: 0, Min Delay: 5006 ms, Max Speed: 0.01 M/s, Avg Speed: 0.01 M/s, Max Resolution: None
Category: 🎬电影频道, Name: CHC动作电影, Total: 2, Valid: 2, Valid Percent: 100.00%, Whitelist: 0, IPv4: 2, IPv6: 0, Min Delay: 5478 ms, Max Speed: 0.27 M/s, Avg Speed: 0.18 M/s, Max Resolution: 1920x1080
Category: ☘️新疆频道, Name: 伊犁维吾尔, Total: 2, Valid: 2, Valid Percent: 100.00%, Whitelist: 0, IPv4: 2, IPv6: 0, Min Delay: 5762 ms, Max Speed: 0.72 M/s, Avg Speed: 0.51 M/s, Max Resolution: 1920x1080
Category: ☘️上海频道, Name: 动漫秀场, Total: 1, Valid: 1, Valid Percent: 100.00%, Whitelist: 0, IPv4: 1, IPv6: 0, Min Delay: 5043 ms, Max Speed: 0.00 M/s, Avg Speed: 0.00 M/s, Max Resolution: None
Category: 🎬电影频道, Name: CHC家庭影院, Total: 1, Valid: 1, Valid Percent: 100.00%, Whitelist: 0, IPv4: 1, IPv6: 0, Min Delay: 5485 ms, Max Speed: 0.00 M/s, Avg Speed: 0.00 M/s, Max Resolution: None
Category: 🪁动画频道, Name: 金鹰卡通, Total: 3, Valid: 3, Valid Percent: 100.00%, Whitelist: 0, IPv4: 3, IPv6: 0, Min Delay: 5117 ms, Max Speed: 0.06 M/s, Avg Speed: 0.02 M/s, Max Resolution: 1920x1080
